── Attaching core tidyverse packages ──────────────────────── tidyverse 2.0.0 ──
✔ dplyr     1.2.1     ✔ readr     2.2.0
✔ forcats   1.0.1     ✔ stringr   1.6.0
✔ ggplot2   4.0.3     ✔ tibble    3.3.1
✔ lubridate 1.9.5     ✔ tidyr     1.3.2
✔ purrr     1.2.2     
── Conflicts ────────────────────────────────────────── tidyverse_conflicts() ──
✖ dplyr::filter() masks stats::filter()
✖ dplyr::lag()    masks stats::lag()
ℹ Use the conflicted package (<http://conflicted.r-lib.org/>) to force all conflicts to become errors
Loading required package: nlme

Attaching package: 'nlme'

The following object is masked from 'package:dplyr':

    collapse

This is mgcv 1.9-4. For overview type '?mgcv'.
# A tibble: 6 × 5
   year observed_cases predicted_cases_mean predicted_cases_low
  <dbl>          <dbl>                <dbl>               <dbl>
1  1990       1504707.             1446649.            1360490.
2  2000       2076301.             2048285.            1978334.
3  2010       2564403.             2638221.            2547494.
4  2021       3613136.             3439697.            3267256.
5  2035             0              4804196.            4366944.
6  2050             0              6253326.            5476628.
# ℹ 1 more variable: predicted_cases_high <dbl>
APC projection completed.
